// Jest Snapshot v1, https://goo.gl/fbAQLP

exports[`should match the snapshot 1`] = `
<DocumentFragment>
  <div
    class="App"
  >
    <div>
      <nav
        class="navbar navbar-expand-md"
      >
        <a
          aria-current="page"
          class="navbar-brand active"
          href="/"
        >
          Book API
        </a>
        <ul
          class="ml-auto navbar-nav"
        >
          <li
            class="nav-item"
          >
            <a
              href="/login"
            >
              Login
            </a>
          </li>
          <li
            class="nav-item"
          >
            <a
              href="/signup"
            >
              SignUp
            </a>
          </li>
        </ul>
      </nav>
    </div>
    <main>
      <div
        class="text-center"
      >
        <h1>
          Book API
        </h1>
        <p>
           You can follow your library using easy steps.
        </p>
        <p>
          <a
            class="btn btn-primary mr-3"
            href="/login"
          >
            Login
          </a>
          <a
            class="btn btn-primary"
            href="/signup"
          >
            SignUp
          </a>
        </p>
      </div>
    </main>
  </div>
</DocumentFragment>
`;
