// Jest Snapshot v1, https://goo.gl/fbAQLP

exports[`should match the snapshot 1`] = `
<DocumentFragment>
  <section
    class="col-md-4 m-auto"
  >
    <form
      class=""
    >
      <h2>
        SignUp
      </h2>
      <div
        class="form-group"
      >
        <label
          class=""
          for="username"
        >
          Username 
        </label>
        <input
          class="form-control"
          id="username"
          name="username"
          placeholder="Enter username"
          type="text"
          value=""
        />
      </div>
      <div
        class="form-group"
      >
        <label
          class=""
          for="password"
        >
          Password 
        </label>
        <input
          class="form-control"
          id="password"
          name="password"
          placeholder="Enter your password"
          type="password"
          value=""
        />
      </div>
      <div
        class="form-group"
      >
        <label
          class=""
          for="first_name"
        >
          First Name 
        </label>
        <input
          class="form-control"
          id="first_name"
          name="first_name"
          placeholder="Enter your First Name"
          type="text"
          value=""
        />
      </div>
      <div
        class="form-group"
      >
        <label
          class=""
          for="last_name"
        >
          Last Name 
        </label>
        <input
          class="form-control"
          id="last_name"
          name="last_name"
          placeholder="Enter your last Name"
          type="text"
          value=""
        />
      </div>
      <div
        class="form-group"
      >
        <label
          class=""
          for="email"
        >
          Email 
        </label>
        <input
          class="form-control"
          id="email"
          name="email"
          placeholder="Enter your email"
          type="email"
          value=""
        />
      </div>
      <div
        class="form-group"
      >
        <label
          class=""
          for="image"
        >
          Avatar image 
        </label>
        <input
          class="form-control"
          id="image"
          name="image"
          placeholder="Enter your image"
          type="text"
          value=""
        />
      </div>
      <button
        class="btn btn-primary"
        type="submit"
      >
        Submit
      </button>
    </form>
  </section>
</DocumentFragment>
`;
